// Jest Snapshot v1, https://goo.gl/fbAQLP

exports[`Meta renders correctly 1`] = `
<div>
  <p>
    Published
     
    1 Sept 2016, 01:00
  </p>
</div>
`;
