// Jest Snapshot v1, https://goo.gl/fbAQLP

exports[`Author renders correctly 1`] = `
<div>
  <p>
    <section>
      By 
      John Doe
    </section>
    <section>
      <a
        href="/"
      >
        Back to the article list
      </a>
    </section>
  </p>
</div>
`;
